
> synapse@0.1.0 build
> prisma generate && next build --webpack && node scripts/inject-push-sw.js

Environment variables loaded from .env
Prisma schema loaded from prisma/schema.prisma

✔ Generated Prisma Client (v5.22.0) to ./node_modules/@prisma/client in 416ms

Start by importing your Prisma Client (See: https://pris.ly/d/importing-client)

Tip: Need your database queries to be 1000x faster? Accelerate offers you that and more: https://pris.ly/tip-2-accelerate

▲ Next.js 16.2.9 (webpack)
- Environments: .env.local, .env

  Creating an optimized production build ...
 ✓ (pwa) Compiling for server...
 ✓ (pwa) Compiling for server...
 ✓ (pwa) Compiling for client (static)...
 ○ (pwa) Service worker: /Users/amirnajjar/Synapse/public/sw.js
 ○ (pwa)   URL: /sw.js
 ○ (pwa)   Scope: /
✓ Compiled successfully in 17.3s
  Running TypeScript ...
Failed to type check.

src/app/blog/[slug]/page.tsx
Type error: Type '{ params: { slug: string; }; }' does not satisfy the constraint 'PageProps'.
  Types of property 'params' are incompatible.
    Type '{ slug: string; }' is missing the following properties from type 'Promise<any>': then, catch, finally, [Symbol.toStringTag]

Next.js build worker exited with code: 1 and signal: null
